---
source: crates/djls-templates/src/parser.rs
expression: test_ast
---
nodelist:
  - type: Text
    content: hello
    span:
      - 0
      - 5
line_offsets:
  - 0
