---
source: crates/djls-templates/src/parser.rs
expression: test_ast
---
nodelist:
  - type: Tag
    name: for
    bits:
      - item
      - in
      - items
    span:
      - 0
      - 23
  - type: Variable
    var: item.name
    filters: []
    span:
      - 23
      - 15
line_offsets:
  - 0
