---
source: crates/cribo/tests/test_bundling_snapshots.rs
input_file: crates/cribo/tests/fixtures/simple_project/main.py
---
#!/usr/bin/env python3
# Generated by Cribo - Python Source Bundler
# https://github.com/ophidiarium/cribo

import sys as _sys
import importlib as _importlib
class _CriboModule():

    def __init__(self, m, p):
        self._m, self._p = m, p

    def __getattr__(self, n):
        f = self._p + '.' + n
        try:
            return _CriboModule(_importlib.import_module(f), f)
        except ImportError:
            return getattr(self._m, n)

    def __getattribute__(self, n):
        return object.__getattribute__(self, n) if n in ('_m', '_p', '__getattr__', '__class__', '__dict__', '__dir__', '__module__', '__qualname__') else getattr(object.__getattribute__(self, '_m'), n)
class _Cribo():

    def __getattr__(self, n):
        m = _sys.modules.get(n) or _importlib.import_module(n)
        return _CriboModule(m, n)
_cribo = _Cribo()
utils_helpers = _cribo.types.SimpleNamespace(__name__='utils.helpers')
utils = _cribo.types.SimpleNamespace(__name__='utils', __initializing__=False, __initialized__=False)
utils.helpers = utils_helpers
"""Utility functions for the test project."""
def greet(name: str) -> str:
    """Greet a person by name."""
    return f"Hello, {name}!"
def calculate(a: _cribo.typing.Union[int, float], b: _cribo.typing.Union[int, float]) -> _cribo.typing.Union[int, float]:
    """Calculate the sum of two numbers."""
    return a + b
def get_system_info() -> dict:
    """Get basic system information."""
    return {"platform": _cribo.sys.platform, "python_version": _cribo.sys.version, "cwd": _cribo.os.getcwd()}
utils_helpers.calculate = calculate
utils_helpers.greet = greet
"""Utils package initialization."""
models_user = _cribo.types.SimpleNamespace(__name__='models.user')
models = _cribo.types.SimpleNamespace(__name__='models', __initializing__=False, __initialized__=False)
models.user = models_user
"""User model for the test project."""
@_cribo.dataclasses.dataclass
class User:
    """A simple user model."""
    name: str
    age: int
    email: _cribo.typing.Optional[str] = None

    def is_adult(self) -> bool:
        """Check if the user is an adult."""
        return self.age >= 18

    def get_display_name(self) -> str:
        """Get a display name for the user."""
        if self.email:
            return f"{self.name} <{self.email}>"
        return self.name
User.__module__ = 'models.user'
models_user.User = User
"""Models package initialization."""
"""Simple test project entry point."""
def main():
    """Main function."""
    user = User("Alice", 30)
    print(greet(user.name))
    result = calculate(10, 20)
    print(f"Calculation result: {result}")
    print(f"User: {user.name}, Age: {user.age}")
if __name__ == "__main__":
    main()
user = models.user
