---
source: crates/cribo/tests/test_bundling_snapshots.rs
input_file: crates/cribo/tests/fixtures/metaclass_forward_ref_wildcard/main.py
---
#!/usr/bin/env python3
# Generated by Cribo - Python Source Bundler
# https://github.com/ophidiarium/cribo

import sys as _sys
import importlib as _importlib
class _CriboModule():

    def __init__(self, m, p):
        self._m, self._p = m, p

    def __getattr__(self, n):
        f = self._p + '.' + n
        try:
            return _CriboModule(_importlib.import_module(f), f)
        except ImportError:
            return getattr(self._m, n)

    def __getattribute__(self, n):
        return object.__getattribute__(self, n) if n in ('_m', '_p', '__getattr__', '__class__', '__dict__', '__dir__', '__module__', '__qualname__') else getattr(object.__getattribute__(self, '_m'), n)
class _Cribo():

    def __getattr__(self, n):
        m = _sys.modules.get(n) or _importlib.import_module(n)
        return _CriboModule(m, n)
_cribo = _Cribo()
wildcard_pkg_meta = _cribo.types.SimpleNamespace(__name__='wildcard_pkg.meta')
wildcard_pkg = _cribo.types.SimpleNamespace(__name__='wildcard_pkg', __initializing__=False, __initialized__=False)
wildcard_pkg.meta = wildcard_pkg_meta
class WildcardMetaclass(type):
    """Metaclass that adds yaml_tag"""

    def __init__(cls, name, bases, kwds):
        super(WildcardMetaclass, cls).__init__(name, bases, kwds)
        if not hasattr(cls, "yaml_tag") or cls.yaml_tag is None:
            cls.yaml_tag = f"!{name}"
WildcardMetaclass.__module__ = 'wildcard_pkg.meta'
wildcard_pkg_meta.WildcardMetaclass = WildcardMetaclass
wildcard_pkg_base = _cribo.types.SimpleNamespace(__name__='wildcard_pkg.base', __initializing__=False, __initialized__=False)
wildcard_pkg.base = wildcard_pkg_base
def _cribo_init___cribo_99f82c_wildcard_pkg(self):
    if getattr(self, '__initialized__', False):
        return self
    if getattr(self, '__initializing__', False):
        return self
    self.__initializing__ = True
    global wildcard_pkg_base
    wildcard_pkg_base = _cribo_init___cribo_5d409b_wildcard_pkg_base(wildcard_pkg_base)
    WildcardObject = wildcard_pkg.base.WildcardObject
    wildcard_pkg.WildcardObject = WildcardObject
    WildcardMetaclass = wildcard_pkg.base.WildcardMetaclass
    wildcard_pkg.WildcardMetaclass = WildcardMetaclass
    self.meta = wildcard_pkg_meta
    self.meta = wildcard_pkg_meta
    self.__initialized__ = True
    self.__initializing__ = False
    return self
wildcard_pkg.__init__ = _cribo_init___cribo_99f82c_wildcard_pkg
def _cribo_init___cribo_5d409b_wildcard_pkg_base(self):
    if getattr(self, '__initialized__', False):
        return self
    if getattr(self, '__initializing__', False):
        return self
    self.__initializing__ = True
    WildcardMetaclass = wildcard_pkg_meta.WildcardMetaclass
    wildcard_pkg_base.WildcardMetaclass = WildcardMetaclass

    class WildcardObject(metaclass=WildcardMetaclass):
        """An object with a metaclass"""
        yaml_tag = None

        def __str__(self):
            return f"WildcardObject(tag={self.yaml_tag})"
    WildcardObject.__module__ = 'wildcard_pkg.base'
    self.WildcardObject = WildcardObject
    self.WildcardMetaclass = WildcardMetaclass
    self.__initialized__ = True
    self.__initializing__ = False
    return self
wildcard_pkg_base.__init__ = _cribo_init___cribo_5d409b_wildcard_pkg_base
__cribo_init_result = _cribo_init___cribo_99f82c_wildcard_pkg(wildcard_pkg)
for attr in dir(__cribo_init_result):
    if not attr.startswith('_'):
        setattr(wildcard_pkg, attr, getattr(__cribo_init_result, attr))
obj = wildcard_pkg.WildcardObject()
print(f"WildcardObject: {obj}")
print(f"Tag: {obj.yaml_tag}")
print(f"Metaclass: {wildcard_pkg.WildcardMetaclass}")
base = wildcard_pkg.base
meta = wildcard_pkg.meta
