---
source: crates/cribo/tests/test_bundling_snapshots.rs
input_file: crates/cribo/tests/fixtures/pyfail_class_level_cycles/main.py
---
ExecutionResults {
    status: Failed(
        1,
    ),
    stdout: "",
    stderr: "Traceback (most recent call last):\n  File \"<stdin>\", line 88, in <module>",
}
