---
source: crates/cribo/tests/test_bundling_snapshots.rs
input_file: crates/cribo/tests/fixtures/circular_deps_with_stdlib_name_conflict/main.py
---
packages: []
count: 0
