---
source: crates/cribo/tests/test_bundling_snapshots.rs
input_file: crates/cribo/tests/fixtures/forward_reference_import_before_init/main.py
---
packages:
  - fakejson
count: 1
