---
source: crates/cribo/tests/test_bundling_snapshots.rs
input_file: crates/cribo/tests/fixtures/xfail_forward_reference_requests_compat/main.py
---
packages:
  - simplejson
count: 1
