---
source: crates/cribo/tests/test_bundling_snapshots.rs
input_file: crates/cribo/tests/fixtures/module_setattr_with_circular_deps/main.py
---
packages: []
count: 0
