---
source: crates/cribo/tests/test_bundling_snapshots.rs
input_file: crates/cribo/tests/fixtures/wildcard_metaclass_ordering/main.py
---
packages: []
count: 0
