---
source: crates/cribo/tests/test_bundling_snapshots.rs
input_file: crates/cribo/tests/fixtures/module_first_resolution/main.py
---
packages: []
count: 0
