---
source: crates/cribo/tests/test_bundling_snapshots.rs
input_file: crates/cribo/tests/fixtures/stickytape_script_using_from_to_import_multiple_values/main.py
---
RuffLintResults {
    f401_violations: [],
    f404_violations: [],
    other_violations: [],
    total_violations: 0,
}
